CUSTOMER_ID,CUSTOMER_FIRSTNAME,CUSTOMER_LASTNAME,FIRST_ORDER_DATE,LAST_ORDER_DATE,NB_ORDER
6,Fabien,ZEZE,2018-02-19,2018-02-19,1